

*******************************************************************************
* Report  : Maximal/setup time constraint                                     *
* Command : analyze_constraint -verbose -all_violators >                      *
*         : /headless/Desktop/digitial/digital_env/Mult16/report/cstr.rpt     *
* Design  : mult16                                                            *
* Version : 2506_4e37.rel                                                     *
* Date    : 6:52 PM, 12-Apr-26                                                *
*******************************************************************************


*******************************************************************************
* Report  : Minimal/hold time constraint                                      *
* Command : analyze_constraint -verbose -all_violators >                      *
*         : /headless/Desktop/digitial/digital_env/Mult16/report/cstr.rpt     *
* Design  : mult16                                                            *
* Version : 2506_4e37.rel                                                     *
* Date    : 6:52 PM, 12-Apr-26                                                *
*******************************************************************************



*******************************************************************************
* Report  : Minimum Pulse Width of Pins                                       *
* Design  : mult16                                                            *
*******************************************************************************



*******************************************************************************
* Report  : Minimum Period of Pins                                            *
* Design  : mult16                                                            *
*******************************************************************************



*******************************************************************************
* Report  : Maximum Capacitance of Cells                                      *
* Design  : mult16                                                            *
*******************************************************************************



*******************************************************************************
* Report  : Maximum Capacitance of Nets                                       *
* Design  : mult16                                                            *
*******************************************************************************






*******************************************************************************
* Report  : Maximum Transition of Pins                                        *
* Design  : mult16                                                            *
*******************************************************************************




*******************************************************************************
* Report  : Maximum Transition of Nets                                        *
* Design  : mult16                                                            *
*******************************************************************************




*******************************************************************************
* Report  : Minimum Transition of Pins                                        *
* Design  : mult16                                                            *
*******************************************************************************




*******************************************************************************
* Report  : Minimum Transition of Nets                                        *
* Design  : mult16                                                            *
*******************************************************************************



*******************************************************************************
* Report  : Maximum Fanout of Cells                                           *
* Design  : mult16                                                            *
*******************************************************************************



*******************************************************************************
* Report  : Maximum Fanout of Nets                                            *
* Design  : mult16                                                            *
*******************************************************************************



*******************************************************************************
* Report  : Top Port Connection Class                                         *
* Design  : mult16                                                            *
*******************************************************************************



*******************************************************************************
* Report  : Connection Class                                                  *
* Design  : mult16                                                            *
*******************************************************************************

