

*******************************************************************************
* Report  : design                                                            *
* Command : analyze_design > /headless/Desktop/data/syn_try/report/design.rpt  *
* Design  : mac16                                                             *
* Version : 2506_4e37.rel                                                     *
* Date    : 2:34 PM, 13-Apr-26                                                *
*******************************************************************************


*******************************************************************************
* Operating condition (bc_wc)                                                 *
*******************************************************************************

Name                Library             Process   Temp. Voltage       Tree type
-------------------------------------------------------------------------------
ETSCA_N55_H9BR_ff_mos_Cbest_1.32_125 ics55_LLSC_H9CR_ff_cbest_1p32_125    1.00  125.00    1.32   balanced_tree


*******************************************************************************
* Design Rules                                                                *
*******************************************************************************

    max_capacitance           ---
    min_capacitance           ---
    max_fanout                ---
    max_transition           0.80
    min_transition           -inf
    max_area                  ---

*******************************************************************************
* Timing Ranges                                                               *
*******************************************************************************

    fastest_factor           ---
    slowest_factor           ---

*******************************************************************************
* Input delay                                                                 *
*******************************************************************************

                                   Maximal delay       Minimal delay
Port/pin                          Rise      Fall      Rise      Fall Clock
-------------------------------------------------------------------------------

*******************************************************************************
* Output delay                                                                *
*******************************************************************************

                                   Maximal delay       Minimal delay
Port/pin                          Rise      Fall      Rise      Fall Clock
-------------------------------------------------------------------------------

*******************************************************************************
* Disabled timing arcs                                                        *
*******************************************************************************

No disabled pin.

No disabled instance.

No disabled from-to pin pair.

