

*******************************************************************************
* Report  : Quality of results                                                *
* Command : analyze_qor -summary -precision 6 >                               *
*         : /headless/Desktop/data/syn_try/report/qor.rpt                     *
* Design  : mac16                                                             *
* Version : 2506_4e37.rel                                                     *
* Date    : 2:34 PM, 13-Apr-26                                                *
*******************************************************************************
Timing
---------------------------------------------
Worst negative slack:              -0.299273
Total negative slack:              -4.123559
No. of violating paths:            27.000000
---------------------------------------------

Cell Count
---------------------------------------------
Hierarchial cell count:                    0
Hierarchial port count:                    0
Leaf cell count:                        1581
Sequential cell count:                   317
Buffer cell count:                        56
Inverter cell count:                     164
---------------------------------------------

Area
---------------------------------------------
Combinational area:               3637.440039
Sequential area:                  3331.799960
Buffer cell area:                 126.000002
Inverter cell area:               205.200007
Net area:                           0.000000
---------------------------------------------
Cell area:                        6969.239999
Design area:                      6969.239999

Design Rules
---------------------------------------------
Total number of nets:                   1615
Max transition violations:                 0
Max capacitance violations:                0
Max fanout violations:                     0
---------------------------------------------

